builtins

une commande qui est directment implementee dans bash, tu peux taper: type ls : te dis
directement si c est une builtin ou le bash affiche un chemin c est que ce n est pas un builtin

Metacharacter

un caractere qui quand il est pas entre quote ' ' separe les mots, une espace un tab une nouvelle
ligne, ou un de ces caracteres |, &, ;, (), <>,


operateurs

il y a des operateurs de controle ou de redirection, un operateur contient au moins un metacaractere
non quoted.



push le travail sur sa branche local 

git push origin + nom de la branche personnelle.


Pull le travail qui a ete push sur une branche personnelle

git switch nom de la branche
git pull origin nom de la branche sur laquelle pull.

merge depuis la branche personnelle

a prendre en compte:

les simples quotes : tout ce qui est a l interieur est litteral.
les double quotes: presque tout est litteral sauf le $ qui expand, ne pas prendre en compte
    les parentheses. toutes les commandes non builtin son executable a l interieur des simples
        et double quotes.

ash-3.2$ '$''U''S''E''R'
bash: $USER: command not found
bash-3.2$ "$""U""S""E""R"
bash: $USER: command not found
bash-3.2$ "$USER"
bash: proton: command not found
bash-3.2$ '$USER'
bash: $USER: command not found
bash-3.2$ $USER
bash: proton: command not found
bash-3.2$ gdvnas
bash: gdvnas: command not found
bash-3.2$ '$'U''S''E''R'



